Last login: Mon Jan 23 17:24:49 on ttys000
Jihoonui-MacBook-Pro:~ jaceyoon$ ls
Applications	Documents	Library		Music		Public
Desktop		Downloads	Movies		Pictures	test_folder
Jihoonui-MacBook-Pro:~ jaceyoon$ cd Desktop
Jihoonui-MacBook-Pro:Desktop jaceyoon$ ls
Coding		DojoAssignments	Ghost Town	test
Jihoonui-MacBook-Pro:Desktop jaceyoon$ cd DojoAssignments
Jihoonui-MacBook-Pro:DojoAssignments jaceyoon$ git init
Initialized empty Git repository in /Users/jaceyoon/Desktop/DojoAssignments/.git/
Jihoonui-MacBook-Pro:DojoAssignments jaceyoon$ git add .
Jihoonui-MacBook-Pro:DojoAssignments jaceyoon$ git commit
Aborting commit due to empty commit message.
Jihoonui-MacBook-Pro:DojoAssignments jaceyoon$ git commit -m "GitHub"
[master (root-commit) 7cb2887] GitHub
 14 files changed, 64 insertions(+)
 create mode 100644 .DS_Store
 create mode 100644 MEAN/about.txt
 create mode 100644 Python/about.txt
 create mode 100644 Ruby/about.txt
 create mode 100644 WebFundamentals/.DS_Store
 create mode 100644 WebFundamentals/CSS/about.txt
 create mode 100644 WebFundamentals/Git/about.txt
 create mode 100644 WebFundamentals/HTML/about.txt
 create mode 100644 WebFundamentals/HTML/assignments.txt
 create mode 100644 WebFundamentals/HTML/indentation.html
 create mode 100644 WebFundamentals/Javascript/about.txt
 create mode 100644 WebFundamentals/about.txt
 create mode 100644 iOS/about.txt
 create mode 100644 netCore/about.txt
Jihoonui-MacBook-Pro:DojoAssignments jaceyoon$ git remote add origin https://github.com/JaceYoon/DojoAssignments.git
Jihoonui-MacBook-Pro:DojoAssignments jaceyoon$ git push -u origin master
Counting objects: 9, done.
Delta compression using up to 8 threads.
Compressing objects: 100% (7/7), done.
Writing objects: 100% (9/9), 1.59 KiB | 0 bytes/s, done.
Total 9 (delta 1), reused 0 (delta 0)
remote: Resolving deltas: 100% (1/1), done.
To https://github.com/JaceYoon/DojoAssignments.git
 * [new branch]      master -> master
Branch master set up to track remote branch master from origin.
Jihoonui-MacBook-Pro:DojoAssignments jaceyoon$ ls
MEAN		Ruby		iOS
Python		WebFundamentals	netCore
Jihoonui-MacBook-Pro:DojoAssignments jaceyoon$ touch readme.md
Jihoonui-MacBook-Pro:DojoAssignments jaceyoon$ ls
MEAN		Ruby		iOS		readme.md
Python		WebFundamentals	netCore
Jihoonui-MacBook-Pro:DojoAssignments jaceyoon$ vi readme.md
Jihoonui-MacBook-Pro:DojoAssignments jaceyoon$ git status
On branch master
Your branch is up-to-date with 'origin/master'.
Untracked files:
  (use "git add <file>..." to include in what will be committed)

	readme.md

nothing added to commit but untracked files present (use "git add" to track)
Jihoonui-MacBook-Pro:DojoAssignments jaceyoon$ git add .
Jihoonui-MacBook-Pro:DojoAssignments jaceyoon$ git commit -m "added readme.md file with explaining text inside the md file"
[master 4eba497] added readme.md file with explaining text inside the md file
 1 file changed, 2 insertions(+)
 create mode 100644 readme.md
Jihoonui-MacBook-Pro:DojoAssignments jaceyoon$ 